---
source: crates/lush-syntax/src/lexer.rs
expression: tokens
---
[
    "ModuleDocComment `//// Sample`",
    "Import `import`",
    "Ident `lush`",
    "Slash `/`",
    "Ident `list`",
    "Semicolon `;`",
    "Pub `pub`",
    "Fn `fn`",
    "Ident `main`",
    "LParen `(`",
    "RParen `)`",
    "Arrow `->`",
    "UIdent `Nil`",
    "LBrace `{`",
    "LineComment `// greet`",
    "Echo `echo`",
    "String `\"hi\"`",
    "Semicolon `;`",
    "RBrace `}`",
]
