---
source: crates/lush-syntax/tests/fixtures.rs
expression: rendered
---
E0100:49..50: expected `;`, found `,`
E0150:49..50: expected a pattern, found `,`
E0100:55..56: expected `->`, found `_`
E0100:57..59: expected `;`, found `->`
E0150:57..59: expected a pattern, found `->`
E0100:60..61: expected `->`, found `<value>`
