---
source: crates/lush-syntax/tests/fixtures.rs
expression: rendered
---
E0100:66..67: expected `;`, found `,`
E0150:66..67: expected a pattern, found `,`
E0100:72..73: expected `->`, found `_`
E0180:72..73: `_` cannot be used as an expression
E0100:74..76: expected `;`, found `->`
E0150:74..76: expected a pattern, found `->`
E0100:77..78: expected `->`, found integer `1`
