---
source: crates/lush-syntax/tests/fixtures.rs
expression: "tokens.join(\"\\n\")"
---
Pub @42..45 trivia=["ModuleDocComment://// Module documentation.", "DocComment:/// Adds one."]
Fn @46..48 trivia=[]
Ident("literals") @49..57 trivia=[]
LParen @57..58 trivia=[]
RParen @58..59 trivia=[]
Arrow @60..62 trivia=[]
UIdent("Int") @63..66 trivia=[]
LBrace @67..68 trivia=[]
Let @89..92 trivia=["LineComment:// line comment"]
Ident("a") @93..94 trivia=[]
Eq @95..96 trivia=[]
Int(IntLit { digits: "123", base: Decimal, raw: "123" }) @97..100 trivia=[]
Semicolon @100..101 trivia=[]
Let @104..107 trivia=[]
Ident("b") @108..109 trivia=[]
Eq @110..111 trivia=[]
Int(IntLit { digits: "1000000", base: Decimal, raw: "1_000_000" }) @112..121 trivia=[]
Semicolon @121..122 trivia=[]
Let @125..128 trivia=[]
Ident("c") @129..130 trivia=[]
Eq @131..132 trivia=[]
Int(IntLit { digits: "FF", base: Hex, raw: "0xFF" }) @133..137 trivia=[]
Semicolon @137..138 trivia=[]
Let @141..144 trivia=[]
Ident("d") @145..146 trivia=[]
Eq @147..148 trivia=[]
Int(IntLit { digits: "17", base: Octal, raw: "0o17" }) @149..153 trivia=[]
Semicolon @153..154 trivia=[]
Let @157..160 trivia=[]
Ident("e") @161..162 trivia=[]
Eq @163..164 trivia=[]
Int(IntLit { digits: "1010", base: Binary, raw: "0b1010" }) @165..171 trivia=[]
Semicolon @171..172 trivia=[]
Let @175..178 trivia=[]
Ident("f") @179..180 trivia=[]
Eq @181..182 trivia=[]
Float(FloatLit { raw: "1.0" }) @183..186 trivia=[]
Semicolon @186..187 trivia=[]
Let @190..193 trivia=[]
Ident("g") @194..195 trivia=[]
Eq @196..197 trivia=[]
Float(FloatLit { raw: "1.5e10" }) @198..204 trivia=[]
Semicolon @204..205 trivia=[]
Let @208..211 trivia=[]
Ident("h") @212..213 trivia=[]
Eq @214..215 trivia=[]
Float(FloatLit { raw: "2_000.5" }) @216..223 trivia=[]
Semicolon @223..224 trivia=[]
Let @227..230 trivia=[]
Ident("s") @231..232 trivia=[]
Eq @233..234 trivia=[]
String(StringLit { value: "hello\n", raw: "\"hello\\n\"" }) @235..244 trivia=[]
Semicolon @244..245 trivia=[]
Let @248..251 trivia=[]
Ident("t") @252..253 trivia=[]
Eq @254..255 trivia=[]
String(StringLit { value: "emoji 😀", raw: "\"emoji \\u{1F600}\"" }) @256..273 trivia=[]
Semicolon @273..274 trivia=[]
Ident("a") @277..278 trivia=[]
Plus @279..280 trivia=[]
Ident("b") @281..282 trivia=[]
Plus @283..284 trivia=[]
Ident("c") @285..286 trivia=[]
Plus @287..288 trivia=[]
Ident("d") @289..290 trivia=[]
Plus @291..292 trivia=[]
Ident("e") @293..294 trivia=[]
Semicolon @294..295 trivia=[]
RBrace @296..297 trivia=[]
Const @299..304 trivia=[]
Ident("max_size") @305..313 trivia=[]
Eq @314..315 trivia=[]
Int(IntLit { digits: "1024", base: Decimal, raw: "1024" }) @316..320 trivia=[]
Semicolon @320..321 trivia=[]
